Archive member included because of file (symbol)

../../Project/Lib/KOS_4.8.2\libSDL_image.a(IMG.o)
                              obj/KolibriOS/KOS_4.8.2/sprites/sdl12_image.o (IMG_Load)
../../Project/Lib/KOS_4.8.2\libSDL_image.a(IMG_tga.o)
                              ../../Project/Lib/KOS_4.8.2\libSDL_image.a(IMG.o) (IMG_LoadTGA_RW)
../../Project/Lib/KOS_4.8.2\libSDL_image.a(IMG_bmp.o)
                              ../../Project/Lib/KOS_4.8.2\libSDL_image.a(IMG.o) (IMG_isBMP)
../../Project/Lib/KOS_4.8.2\libSDL_image.a(IMG_pnm.o)
                              ../../Project/Lib/KOS_4.8.2\libSDL_image.a(IMG.o) (IMG_isPNM)
../../Project/Lib/KOS_4.8.2\libSDL_image.a(IMG_xpm.o)
                              ../../Project/Lib/KOS_4.8.2\libSDL_image.a(IMG.o) (IMG_isXPM)
../../Project/Lib/KOS_4.8.2\libSDL_image.a(IMG_xcf.o)
                              ../../Project/Lib/KOS_4.8.2\libSDL_image.a(IMG.o) (IMG_isXCF)
../../Project/Lib/KOS_4.8.2\libSDL_image.a(IMG_pcx.o)
                              ../../Project/Lib/KOS_4.8.2\libSDL_image.a(IMG.o) (IMG_isPCX)
../../Project/Lib/KOS_4.8.2\libSDL_image.a(IMG_gif.o)
                              ../../Project/Lib/KOS_4.8.2\libSDL_image.a(IMG.o) (IMG_isGIF)
../../Project/Lib/KOS_4.8.2\libSDL_image.a(IMG_jpg.o)
                              ../../Project/Lib/KOS_4.8.2\libSDL_image.a(IMG.o) (IMG_isJPG)
../../Project/Lib/KOS_4.8.2\libSDL_image.a(IMG_tif.o)
                              ../../Project/Lib/KOS_4.8.2\libSDL_image.a(IMG.o) (IMG_isTIF)
../../Project/Lib/KOS_4.8.2\libSDL_image.a(IMG_png.o)
                              ../../Project/Lib/KOS_4.8.2\libSDL_image.a(IMG.o) (IMG_isPNG)
../../Project/Lib/KOS_4.8.2\libpng.a(png.o)
                              ../../Project/Lib/KOS_4.8.2\libSDL_image.a(IMG_png.o) (png_sig_cmp)
../../Project/Lib/KOS_4.8.2\libpng.a(pngread.o)
                              ../../Project/Lib/KOS_4.8.2\libSDL_image.a(IMG_png.o) (png_create_read_struct)
../../Project/Lib/KOS_4.8.2\libpng.a(pngrio.o)
                              ../../Project/Lib/KOS_4.8.2\libpng.a(pngread.o) (png_read_data)
../../Project/Lib/KOS_4.8.2\libpng.a(pngget.o)
                              ../../Project/Lib/KOS_4.8.2\libSDL_image.a(IMG_png.o) (png_get_valid)
../../Project/Lib/KOS_4.8.2\libpng.a(pngrtran.o)
                              ../../Project/Lib/KOS_4.8.2\libSDL_image.a(IMG_png.o) (png_set_strip_16)
../../Project/Lib/KOS_4.8.2\libpng.a(pngtrans.o)
                              ../../Project/Lib/KOS_4.8.2\libpng.a(pngread.o) (png_set_bgr)
../../Project/Lib/KOS_4.8.2\libpng.a(pngerror.o)
                              ../../Project/Lib/KOS_4.8.2\libpng.a(png.o) (png_error)
../../Project/Lib/KOS_4.8.2\libpng.a(pngmem.o)
                              ../../Project/Lib/KOS_4.8.2\libpng.a(png.o) (png_create_struct)
../../Project/Lib/KOS_4.8.2\libpng.a(pngrutil.o)
                              ../../Project/Lib/KOS_4.8.2\libpng.a(pngread.o) (png_get_uint_32)
../../Project/Lib/KOS_4.8.2\libpng.a(pngset.o)
                              ../../Project/Lib/KOS_4.8.2\libpng.a(pngrutil.o) (png_set_bKGD)
../../Project/Lib/KOS_4.8.2\libjpeg.a(jerror.o)
                              ../../Project/Lib/KOS_4.8.2\libSDL_image.a(IMG_jpg.o) (jpeg_std_error)
../../Project/Lib/KOS_4.8.2\libjpeg.a(jdapimin.o)
                              ../../Project/Lib/KOS_4.8.2\libSDL_image.a(IMG_jpg.o) (jpeg_CreateDecompress)
../../Project/Lib/KOS_4.8.2\libjpeg.a(jdmarker.o)
                              ../../Project/Lib/KOS_4.8.2\libSDL_image.a(IMG_jpg.o) (jpeg_resync_to_restart)
../../Project/Lib/KOS_4.8.2\libjpeg.a(jdmaster.o)
                              ../../Project/Lib/KOS_4.8.2\libSDL_image.a(IMG_jpg.o) (jpeg_calc_output_dimensions)
../../Project/Lib/KOS_4.8.2\libjpeg.a(jdapistd.o)
                              ../../Project/Lib/KOS_4.8.2\libSDL_image.a(IMG_jpg.o) (jpeg_start_decompress)
../../Project/Lib/KOS_4.8.2\libjpeg.a(jcomapi.o)
                              ../../Project/Lib/KOS_4.8.2\libjpeg.a(jdapimin.o) (jpeg_abort)
../../Project/Lib/KOS_4.8.2\libjpeg.a(jmemmgr.o)
                              ../../Project/Lib/KOS_4.8.2\libjpeg.a(jdapimin.o) (jinit_memory_mgr)
../../Project/Lib/KOS_4.8.2\libjpeg.a(jdinput.o)
                              ../../Project/Lib/KOS_4.8.2\libjpeg.a(jdapimin.o) (jinit_input_controller)
../../Project/Lib/KOS_4.8.2\libjpeg.a(jutils.o)
                              ../../Project/Lib/KOS_4.8.2\libjpeg.a(jdmaster.o) (jdiv_round_up)
../../Project/Lib/KOS_4.8.2\libjpeg.a(jquant1.o)
                              ../../Project/Lib/KOS_4.8.2\libjpeg.a(jdmaster.o) (jinit_1pass_quantizer)
../../Project/Lib/KOS_4.8.2\libjpeg.a(jquant2.o)
                              ../../Project/Lib/KOS_4.8.2\libjpeg.a(jdmaster.o) (jinit_2pass_quantizer)
../../Project/Lib/KOS_4.8.2\libjpeg.a(jddctmgr.o)
                              ../../Project/Lib/KOS_4.8.2\libjpeg.a(jdmaster.o) (jinit_inverse_dct)
../../Project/Lib/KOS_4.8.2\libjpeg.a(jdhuff.o)
[...]
Memory Configuration

Name             Origin             Length             Attributes
*default*        0x00000000         0xffffffff

Linker script and memory map

                0x00000000                __image_base__ = 0x0
                0x00000000                __dll__ = 0x0
                0x00000000                ___ImageBase = 0x0
                0x00001000                __section_alignment__ = 0x1000
                0x00000200                __file_alignment__ = 0x200
                0x00000004                __major_os_version__ = 0x4
                0x00000000                __minor_os_version__ = 0x0
                0x00000001                __major_image_version__ = 0x1
                0x00000000                __minor_image_version__ = 0x0
                0x00000004                __major_subsystem_version__ = 0x4
                0x00000000                __minor_subsystem_version__ = 0x0
                0x00000003                __subsystem__ = 0x3
                0x00200000                __size_of_stack_reserve__ = 0x200000
                0x00001000                __size_of_stack_commit__ = 0x1000
                0x00100000                __size_of_heap_reserve__ = 0x100000
                0x00001000                __size_of_heap_commit__ = 0x1000
                0x00000000                __loader_flags__ = 0x0
                0x00000000                __dll_characteristics__ = 0x0

.text           0x00000000    0x79400
                0x00000000        0x4 LONG 0x554e454d
                0x00000004        0x4 LONG 0x32305445
                0x00000008        0x4 LONG 0x1
                0x0000000c        0x4 LONG 0x34 __start
                0x00000010        0x4 LONG 0x88680 ___iend
                0x00000014        0x4 LONG 0x9c220 ___memsize
                0x00000018        0x4 LONG 0x9c220 ___stacktop
                0x0000001c        0x4 LONG 0x9bd10 ___cmdline
                0x00000020        0x4 LONG 0x9be10 ___pgmname
                0x00000024        0x4 LONG 0x0
                0x00000028        0x4 LONG 0x88680 __idata_start
                0x0000002c        0x4 LONG 0x88ed0 __idata_end
                0x00000030        0x4 LONG 0x78e20 _main
 *(.init)
 .init          0x00000034       0x84 ../../Toolchains/KOS_4.8.2/libc\libapp.a(start.o)
                0x00000034                _start
 *(.text)
 .text          0x000000b8        0x0 obj/KolibriOS/KOS_4.8.2/main.o
 *fill*         0x000000b8        0x8 
 .text          0x000000c0      0x2d0 obj/KolibriOS/KOS_4.8.2/app/sdl12.o
                0x000000c0                AppInit
                0x000002c0                AppDestroy
                0x00000340                AppXed
 .text          0x00000390       0x60 obj/KolibriOS/KOS_4.8.2/configfile/dummy.o
                0x00000390                ConfigfileCreateConfig
                0x000003a0                ConfigfileLoadConfig
                0x000003b0                ConfigfileSaveConfig
                0x000003c0                ConfigfileAddSection
                0x000003d0                ConfigfileSetKeyValue
                0x000003e0                ConfigfileGetKeyValue
 .text          0x000003f0       0x80 obj/KolibriOS/KOS_4.8.2/dialogs/native.o
                0x000003f0                kolibrios_DialogThread
                0x00000410                kolibrios_DialogExitThread
                0x00000420                DialogsShowSimpleMessageBox
                0x00000460                DialogsShowYesNoMessageBox
 .text          0x00000470      0x700 obj/KolibriOS/KOS_4.8.2/draw/sdl12.o
                0x00000470                DrawInit
                0x00000510                DrawDestroy
                0x00000550                DrawAddSprite
                0x000005d0                DrawAddSpriteSized
                0x00000670                DrawAddSpriteAngled
                0x000006f0                DrawAddSpriteAlpha
                0x00000770                DrawAddSpriteGeneral
                0x00000810                DrawAddPoint
                0x00000880                DrawAddLine
                0x000008f0                DrawAddRect
                0x00000960                DrawAddFilledRect
                0x000009d0                DrawAddFill
                0x00000a20                DrawOutput
                0x00000b50                DrawFlip
 .text          0x00000b70       0x50 obj/KolibriOS/KOS_4.8.2/error.o
                0x00000b70                ErrorGive
 .text          0x00000bc0      0x100 obj/KolibriOS/KOS_4.8.2/files.o
                0x00000bc0                FileOpenForWrite
                0x00000be0                FileOpenForAppend
                0x00000c00                FileClose
                0x00000c20                FileWrite
                0x00000c60                FileWriteLine
 .text          0x00000cc0      0x2f0 obj/KolibriOS/KOS_4.8.2/fonts/sdl12_ttf.o
                0x00000cc0                FontsInit
                0x00000dc0                FontsLoadFont
                0x00000eb0                FontsDestroyFont
                0x00000ee0                FontsQuit
 .text          0x00000fb0       0x60 obj/KolibriOS/KOS_4.8.2/images/dummy.o
                0x00000fb0                ImagesInit
                0x00000fc0                ImagesCreateBitmap
                0x00000fd0                ImagesSetPixel
                0x00000fe0                ImagesSaveBitmap
                0x00000ff0                ImagesDestroyBitmap
                0x00001000                ImagesQuit
 .text          0x00001010      0xfc0 obj/KolibriOS/KOS_4.8.2/input/native.o
                0x00001010                kolibrios_InputSetScancodeMode
                0x00001030                kolibrios_InputGetScancode
                0x00001050                GetKeyboardState
                0x00001d10                InputInit
                0x00001ea0                InputQuit
                0x00001ee0                InputKeyPress
                0x00001f00                InputKeyRelease
                0x00001f20                InputKeyPressed
                0x00001f40                InputKeystatesRefresh
                0x00001f70                InputMouseRefresh
                0x00001f80                InputControllersRefresh
                0x00001f90                InputControllerButtonPress
                0x00001fa0                InputControllerButtonRelease
                0x00001fb0                InputControllerButtonPressed
                0x00001fc0                InputControllerGetAxis
 .text          0x00001fd0      0x6e0 obj/KolibriOS/KOS_4.8.2/log.o
                0x00001fd0                LogInit
                0x00002100                LogWrite
                0x000022e0                LogWrite2
                0x000024d0                LogWriteFromScript
 .text          0x000026b0       0x60 obj/KolibriOS/KOS_4.8.2/physics/dummy.o
                0x000026b0                PhysicsInit
                0x000026c0                PhysicsDestroy
                0x000026d0                PhysicsPlaceBlock
                0x000026e0                PhysicsPlaceObject
                0x000026f0                PhysicsStep
                0x00002700                PhysicsBodyRefreshStats
 .text          0x00002710      0x180 obj/KolibriOS/KOS_4.8.2/screen/sdl12.o
                0x00002710                ScreenInit
                0x00002820                ScreenDestroy
                0x00002850                ScreenCursorShow
                0x00002870                ScreenCursorHide
 .text          0x00002890     0x13a0 obj/KolibriOS/KOS_4.8.2/scriptFuncs.o
                0x00002890                RegisterAll
 .text          0x00003c30     0x3fe0 obj/KolibriOS/KOS_4.8.2/scriptFuncs/lua.o
                0x00003c30                SFInitApp
                0x00003c40                SFInitScreen
                0x00003d00                SFInitDraw
                0x00003d80                SFInitInput
                0x00003d90                SFInitTimer
                0x00003da0                SFInitSprites
                0x00003df0                SFInitFonts
                0x00003e40                SFInitSounds
                0x00003f00                SFInitImages
                0x00003f50                SFInitPhysics
                0x00004070                SFConfigfileCreateConfig
                0x00004080                SFConfigfileLoadConfig
                0x000040b0                SFConfigfileSaveConfig
                0x000040e0                SFConfigfileAddSection
                0x00004110                SFConfigfileSetKeyValue
                0x00004190                SFConfigfileGetKeyValue
                0x00004200                SFFontLoad
                0x00004290                SFSpriteLoad
                0x00004320                SFSpriteCreateText
                0x00004450                SFSpriteCreateTextWrapped
                0x000045a0                SFSpriteChangeText
                0x000046e0                SFSpriteChangeTextWrapped
                0x00004840                SFSpriteGetClipWidthHeight
                0x000048e0                SFFlip
                0x000048f0                SFTimerStart
                0x00004900                SFXed
                0x00004950                SFKeyPress
                0x000049d0                SFKeyRelease
                0x00004a50                SFKeyPressed
                0x00004ad0                SFKeystatesRefresh
                0x00004ae0                SFMouseRefresh
                0x00004af0                SFMouseGetCoords
                0x00004b30                SFMousePressed
                0x00004bf0                SFMousePress
                0x00004cc0                SFMouseRelease
                0x00004d90                SFMouseCursorShow
                0x00004da0                SFMouseCursorHide
                0x00004db0                SFControllerRefresh
                0x00004dc0                SFControllerPress
                0x00004e80                SFControllerRelease
                0x00004f40                SFControllerPressed
                0x00005000                SFControllerGetAxis
                0x000050a0                SFDestroySprites
                0x000050b0                SFDestroyFonts
                0x000050c0                SFDestroySounds
                0x000050d0                SFDestroyImages
                0x000050e0                SFDestroyInput
                0x000050f0                SFDestroyPhysics
                0x00005100                SFDestroyApp
                0x00005110                SFDestroyDraw
                0x00005120                SFDestroyScreen
                0x00005130                SFDelay
                0x000051a0                SFDelayForFPS
                0x00005210                SFDrawAddSprite
                0x000052f0                SFDrawAddSpriteSized
                0x00005430                SFDrawAddSpriteAngled
                0x000055a0                SFDrawAddSpriteAlpha
                0x000056b0                SFDrawAddSpriteGeneral
                0x00005930                SFDrawPoint
                0x00005a50                SFDrawPointAlpha
                0x00005b90                SFDrawLine
                0x00005d10                SFDrawLineAlpha
                0x00005eb0                SFDrawRect
                0x00006030                SFDrawRectAlpha
                0x000061d0                SFDrawFilledRect
                0x00006350                SFDrawFilledRectAlpha
                0x000064f0                SFDrawFill
                0x000065a0                SFDrawFillAlpha
                0x00006680                SFDrawOutput
                0x000066b0                SFAbs
                0x000066f0                SFSign
                0x00006790                SFAcos
                0x000067e0                SFAsin
                0x00006830                SFAtan
                0x00006880                SFCeil
                0x000068d0                SFCos
                0x00006920                SFRandom
                0x000069a0                SFRandomRange
                0x00006a40                SFFloor
                0x00006a90                SFLn
                0x00006ae0                SFLg
                0x00006b30                SFLb
                0x00006b80                SFSin
                0x00006bd0                SFSqrt
                0x00006c20                SFTan
                0x00006c70                SFCbrt
                0x00006cc0                SFMax
                0x00006d30                SFMin
                0x00006da0                SFRound
                0x00006df0                SFVectorLength
                0x00006ec0                SFVectorDirection
                0x00006fe0                SFVectorXY
                0x00007090                SFMusicLoad
                0x000070e0                SFSoundLoad
                0x00007130                SFSoundPlay
                0x00007180                SFSoundSetVolume
                0x00007200                SFSoundSetChannelsVolume
                0x00007250                SFSoundPause
                0x00007260                SFSoundResume
                0x00007270                SFSoundStop
                0x00007280                SFMusicPlay
                0x000072d0                SFMusicPause
                0x000072e0                SFMusicResume
                0x000072f0                SFMusicStop
                0x00007300                SFMusicSetVolume
                0x00007350                SFPhysicsBlockCreate
                0x00007490                SFPhysicsObjectCreate
                0x000075f0                SFPhysicsObjectRefreshStats
                0x00007640                SFPhysicsStep
                0x00007650                SFBitmapCreate
                0x00007720                SFBitmapSave
                0x00007790                SFBitmapSetPixel
                0x00007900                SFFileOpen
                0x00007930                SFFileClose
                0x00007940                SFFileWriteLine
                0x00007970                SFDialogShowSimpleMessageBox
                0x00007a10                SFDialogShowYesNoMessageBox
                0x00007a80                SFLogWrite
                0x00007b50                SFScriptRegisterNumericVariable
                0x00007bb0                SFScriptRegisterStringVariable
 .text          0x00007c10      0x270 obj/KolibriOS/KOS_4.8.2/scripts/lua.o
                0x00007c10                ScriptsInit
                0x00007d10                ScriptsRegisterFunction
                0x00007d50                ScriptsRegisterStringVariable
                0x00007d90                ScriptsRegisterNumericVariable
                0x00007dd0                ScriptsDoFile
                0x00007e40                ScriptsQuit
 .text          0x00007e80       0xf0 obj/KolibriOS/KOS_4.8.2/sounds/dummy.o
                0x00007e80                SoundsInit
                0x00007e90                SoundsMusicLoad
                0x00007ea0                SoundsSoundLoad
                0x00007eb0                SoundsSoundPlay
                0x00007ec0                SoundsSoundSetVolume
                0x00007ed0                SoundsSoundSetChannelsVolume
                0x00007ee0                SoundsSoundPause
                0x00007ef0                SoundsSoundResume
                0x00007f00                SoundsSoundStop
                0x00007f10                SoundsMusicPlay
                0x00007f20                SoundsMusicPause
                0x00007f30                SoundsMusicResume
                0x00007f40                SoundsMusicStop
                0x00007f50                SoundsMusicSetVolume
                0x00007f60                SoundsDestroy
 .text          0x00007f70       0x20 obj/KolibriOS/KOS_4.8.2/specification/dummy.o
                0x00007f70                SpecificationInit
                0x00007f80                SpecificationReport
 .text          0x00007f90      0x700 obj/KolibriOS/KOS_4.8.2/sprites/sdl12_image.o
                0x00007f90                SpritesInit
                0x00008020                SpritesCreateSprite
                0x000082a0                SpritesCreateText
                0x00008470                SpritesChangeText
                0x00008520                SpritesBlitSprite
                0x00008590                SpritesDestroySprite
                0x000085e0                SpritesQuit
 .text          0x00008690      0x1c0 obj/KolibriOS/KOS_4.8.2/timer/native.o
                0x00008690                kolibrios_GetTicks
                0x000086b0                kolibrios_Delay
                0x00008710                kolibrios_Time
                0x00008720                InitTimer
                0x00008780                TimerStart
                0x000087a0                TimerGetTicks
                0x000087c0                TimerDelay
                0x00008800                TimerDelayForFPS
 .text          0x00008850      0x100 obj/KolibriOS/KOS_4.8.2/utils.o
                0x00008850                RnjuDigitsCount
                0x00008890                RnjuItoa
                0x00008920                RnjuAxisFloatToInt
 .text          0x00008950      0x240 ../../Project/Lib/KOS_4.8.2\libSDL_image.a(IMG.o)
                0x00008950                IMG_string_equals
                0x0000896c                _fu0____ctype_ptr__
                0x000089d0                IMG_LoadTyped_RW
                0x00008b00                IMG_Load
                0x00008b50                IMG_Load_RW
                0x00008b80                IMG_InvertAlpha
 .text          0x00008b90      0x600 ../../Project/Lib/KOS_4.8.2\libSDL_image.a(IMG_tga.o)
                0x00008b90                IMG_LoadTGA_RW
 .text          0x00009190       0x70 ../../Project/Lib/KOS_4.8.2\libSDL_image.a(IMG_bmp.o)
                0x00009190                IMG_isBMP
                0x000091e0                IMG_LoadBMP_RW
 .text          0x00009200      0x590 ../../Project/Lib/KOS_4.8.2\libSDL_image.a(IMG_pnm.o)
                0x00009212                _fu1____ctype_ptr__
                0x00009249                _fu2____ctype_ptr__
                0x0000925f                _fu3____ctype_ptr__
                0x000092e0                IMG_isPNM
                0x00009330                IMG_LoadPNM_RW
 .text          0x00009790      0x9d0 ../../Project/Lib/KOS_4.8.2\libSDL_image.a(IMG_xpm.o)
                0x000098f0                IMG_isXPM
                0x00009950                IMG_LoadXPM_RW
                0x00009979                _fu4____ctype_ptr__
                0x00009b5a                _fu5____ctype_ptr__
                0x00009bac                _fu6____ctype_ptr__
 .text          0x0000a160       0x20 ../../Project/Lib/KOS_4.8.2\libSDL_image.a(IMG_xcf.o)
                0x0000a160                IMG_isXCF
                0x0000a170                IMG_LoadXCF_RW
 .text          0x0000a180      0x540 ../../Project/Lib/KOS_4.8.2\libSDL_image.a(IMG_pcx.o)
                0x0000a180                IMG_isPCX
                0x0000a1e0                IMG_LoadPCX_RW
 .text          0x0000a6c0      0xd00 ../../Project/Lib/KOS_4.8.2\libSDL_image.a(IMG_gif.o)
                0x0000ae10                IMG_isGIF
                0x0000aeb0                IMG_LoadGIF_RW
 .text          0x0000b3c0      0x300 ../../Project/Lib/KOS_4.8.2\libSDL_image.a(IMG_jpg.o)
                0x0000b470                IMG_isJPG
                0x0000b510                IMG_LoadJPG_RW
 .text          0x0000b6c0       0x20 ../../Project/Lib/KOS_4.8.2\libSDL_image.a(IMG_tif.o)
                0x0000b6c0                IMG_isTIF
                0x0000b6d0                IMG_LoadTIF_RW
 .text          0x0000b6e0      0x560 ../../Project/Lib/KOS_4.8.2\libSDL_image.a(IMG_png.o)
                0x0000b720                IMG_isPNG
                0x0000b780                IMG_LoadPNG_RW
 .text          0x0000bc40      0xbc0 ../../Project/Lib/KOS_4.8.2\libpng.a(png.o)
                0x0000bc40                png_set_sig_bytes
                0x0000bc80                png_sig_cmp
                0x0000bd00                png_check_sig
                0x0000bd30                png_zalloc
                0x0000bdc0                png_zfree
                0x0000bdd0                png_reset_crc
                0x0000be00                png_calculate_crc
                0x0000be60                png_info_init_3
                0x0000bef0                png_create_info_struct
                0x0000bf40                png_info_init
                0x0000bf60                png_data_freer
                0x0000bfb0                png_free_data
                0x0000c520                png_info_destroy
                0x0000c5a0                png_destroy_info_struct
                0x0000c5e0                png_get_io_ptr
                0x0000c5f0                png_init_io
                0x0000c600                png_convert_to_rfc1123
                0x0000c720                png_get_copyright
                0x0000c730                png_get_libpng_ver
                0x0000c740                png_get_header_ver
                0x0000c750                png_get_header_version
                0x0000c760                png_handle_as_unknown
                0x0000c7d0                png_reset_zstream
                0x0000c7e0                png_access_version_number
                0x0000c7f0                png_mmx_support
 .text          0x0000c800     0x20d0 ../../Project/Lib/KOS_4.8.2\libpng.a(pngread.o)
                0x0000c800                png_create_read_struct
                0x0000caf0                png_read_init_3
                0x0000cd30                png_read_init_2
                0x0000ce40                png_read_init
                0x0000ce70                png_read_info
                0x0000d540                png_read_update_info
                0x0000d580                png_start_read_image
                0x0000d5a0                png_read_row
                0x0000da90                png_read_rows
                0x0000db60                png_read_image
                0x0000dbe0                png_read_end
                0x0000e1c0                png_read_destroy
                0x0000e550                png_destroy_read_struct
                0x0000e640                png_set_read_status_fn
                0x0000e650                png_read_png
 .text          0x0000e8d0       0xe0 ../../Project/Lib/KOS_4.8.2\libpng.a(pngrio.o)
                0x0000e920                png_read_data
                0x0000e950                png_set_read_fn
 .text          0x0000e9b0      0xc20 ../../Project/Lib/KOS_4.8.2\libpng.a(pngget.o)
                0x0000e9b0                png_get_valid
                0x0000e9d0                png_get_rowbytes
                0x0000e9f0                png_get_rows
                0x0000ea10                png_get_image_width
                0x0000ea30                png_get_image_height
                0x0000ea50                png_get_bit_depth
                0x0000ea70                png_get_color_type
                0x0000ea90                png_get_filter_type
                0x0000eab0                png_get_interlace_type
                0x0000ead0                png_get_compression_type
                0x0000eaf0                png_get_x_pixels_per_meter
                0x0000eb20                png_get_y_pixels_per_meter
                0x0000eb50                png_get_pixels_per_meter
                0x0000eb80                png_get_pixel_aspect_ratio
                0x0000ebd0                png_get_x_offset_microns
                0x0000ec00                png_get_y_offset_microns
                0x0000ec30                png_get_x_offset_pixels
                0x0000ec60                png_get_y_offset_pixels
                0x0000ec90                png_get_channels
                0x0000ecb0                png_get_signature
                0x0000ecd0                png_get_bKGD
                0x0000ed10                png_get_cHRM
                0x0000edf0                png_get_cHRM_fixed
                0x0000eed0                png_get_gAMA
                0x0000ef10                png_get_gAMA_fixed
                0x0000ef50                png_get_sRGB
                0x0000ef90                png_get_iCCP
                0x0000f010                png_get_sPLT
                0x0000f040                png_get_hIST
                0x0000f080                png_get_IHDR
                0x0000f190                png_get_oFFs
                0x0000f1f0                png_get_pCAL
                0x0000f2c0                png_get_sCAL
                0x0000f310                png_get_pHYs
                0x0000f380                png_get_PLTE
                0x0000f3d0                png_get_sBIT
                0x0000f410                png_get_text
                0x0000f470                png_get_tIME
                0x0000f4b0                png_get_tRNS
                0x0000f540                png_get_unknown_chunks
                0x0000f570                png_get_rgb_to_gray_status
                0x0000f590                png_get_user_chunk_ptr
                0x0000f5b0                png_get_compression_buffer_size
 .text          0x0000f5d0     0x58a0 ../../Project/Lib/KOS_4.8.2\libpng.a(pngrtran.o)
                0x0000f5d0                png_set_crc_action
                0x0000f6a0                png_set_background
                0x0000f740                png_set_strip_16
                0x0000f750                png_set_strip_alpha
                0x0000f760                png_set_dither
                0x0000ffa0                png_set_gamma
                0x0000ffe0                png_set_expand
                0x0000fff0                png_set_palette_to_rgb
                0x00010000                png_set_gray_1_2_4_to_8
                0x00010010                png_set_tRNS_to_alpha
                0x00010020                png_set_gray_to_rgb
                0x00010030                png_set_rgb_to_gray_fixed
                0x00010140                png_set_rgb_to_gray
                0x000101a0                png_set_read_user_transform_fn
                0x000101c0                png_read_transform_info
                0x00010410                png_do_unpack
                0x00010540                png_do_unshift
                0x00010700                png_do_chop
                0x00010760                png_do_read_swap_alpha
                0x000108a0                png_do_read_invert_alpha
                0x00010950                png_do_read_filler
                0x00010d00                png_do_gray_to_rgb
                0x00010ec0                png_do_rgb_to_gray
                0x00011620                png_build_grayscale_palette
                0x00011670                png_do_background
                0x00012770                png_do_gamma
                0x00012bc0                png_do_expand_palette
                0x00012e60                png_do_expand
                0x000132b0                png_do_dither
                0x00013400                png_do_read_transformations
                0x00013a30                png_build_gamma_table
                0x000142a0                png_init_read_transformations
 .text          0x00014e70      0x570 ../../Project/Lib/KOS_4.8.2\libpng.a(pngtrans.o)
                0x00014e70                png_set_bgr
                0x00014e80                png_set_swap
                0x00014ea0                png_set_packing
                0x00014ec0                png_set_packswap
                0x00014ee0                png_set_shift
                0x00014f00                png_set_interlace_handling
                0x00014f20                png_set_filler
                0x00014f80                png_set_swap_alpha
                0x00014f90                png_set_invert_alpha
                0x00014fa0                png_set_invert_mono
                0x00014fb0                png_do_invert
                0x00014fe0                png_do_swap
                0x00015020                png_do_packswap
                0x00015080                png_do_strip_filler
                0x000152b0                png_do_bgr
                0x000153b0                png_set_user_transform_info
                0x000153d0                png_get_user_transform_ptr
 .text          0x000153e0      0x280 ../../Project/Lib/KOS_4.8.2\libpng.a(pngerror.o)
                0x000154f0                png_error
                0x00015540                png_warning
                0x000155c0                png_chunk_error
                0x000155f0                png_chunk_warning
                0x00015630                png_set_error_fn
                0x00015650                png_get_error_ptr
 .text          0x00015660      0x120 ../../Project/Lib/KOS_4.8.2\libpng.a(pngmem.o)
                0x00015660                png_create_struct
                0x000156b0                png_destroy_struct
                0x000156d0                png_malloc
                0x00015720                png_free
                0x00015740                png_memcpy_check
                0x00015760                png_memset_check
 .text          0x00015780     0x3df0 ../../Project/Lib/KOS_4.8.2\libpng.a(pngrutil.o)
                0x00015780                png_get_uint_32
                0x000157b0                png_get_int_32
                0x000157e0                png_get_uint_16
                0x00015800                png_crc_read
                0x00015840                png_crc_error
                0x000158e0                png_crc_finish
                0x000159a0                png_decompress_chunk
                0x00015d80                png_handle_IHDR
                0x00015f50                png_handle_PLTE
                0x00016190                png_handle_IEND
                0x000161f0                png_handle_gAMA
                0x000163a0                png_handle_sBIT
                0x00016510                png_handle_cHRM
                0x00016b70                png_handle_sRGB
                0x00016db0                png_handle_iCCP
                0x00017000                png_handle_sPLT
                0x00017260                png_handle_tRNS
                0x000174b0                png_handle_bKGD
                0x000176a0                png_handle_hIST
                0x000177e0                png_handle_pHYs
                0x00017910                png_handle_oFFs
                0x00017a40                png_handle_pCAL
                0x00017da0                png_handle_sCAL
                0x00017f80                png_handle_tIME
                0x000180a0                png_handle_tEXt
                0x000181c0                png_handle_zTXt
                0x00018330                png_check_chunk_name
                0x000183b0                png_handle_unknown
                0x00018520                png_combine_row
                0x00018850                png_do_read_interlace
                0x00018db0                png_read_filter_row
                0x00018f90                png_read_finish_row
                0x00019290                png_read_start_row
 .text          0x00019570     0x13f0 ../../Project/Lib/KOS_4.8.2\libpng.a(pngset.o)
                0x00019570                png_set_bKGD
                0x000195a0                png_set_cHRM
                0x00019710                png_set_cHRM_fixed
                0x00019800                png_set_gAMA
                0x00019880                png_set_gAMA_fixed
                0x000198d0                png_set_hIST
                0x00019970                png_set_IHDR
                0x00019bd0                png_set_oFFs
                0x00019c00                png_set_pCAL
                0x00019d70                png_set_sCAL
                0x00019dd0                png_set_pHYs
                0x00019e00                png_set_PLTE
                0x00019ea0                png_set_sBIT
                0x00019ed0                png_set_sRGB
                0x00019ef0                png_set_sRGB_gAMA_and_cHRM
                0x0001a040                png_set_iCCP
                0x0001a110                png_set_text
                0x0001a360                png_set_tIME
                0x0001a3a0                png_set_tRNS
                0x0001a460                png_set_sPLT
                0x0001a5a0                png_set_unknown_chunks
                0x0001a6d0                png_set_unknown_chunk_location
                0x0001a710                png_permit_empty_plte
                0x0001a740                png_set_keep_unknown_chunks
                0x0001a870                png_set_read_user_chunk_fn
                0x0001a890                png_set_rows
                0x0001a8f0                png_set_compression_buffer_size
                0x0001a940                png_set_invalid
 .text          0x0001a960      0x260 ../../Project/Lib/KOS_4.8.2\libjpeg.a(jerror.o)
                0x0001ab50                jpeg_std_error
 .text          0x0001abc0      0x640 ../../Project/Lib/KOS_4.8.2\libjpeg.a(jdapimin.o)
                0x0001abc0                jpeg_CreateDecompress
                0x0001ad50                jpeg_destroy_decompress
                0x0001ad60                jpeg_abort_decompress
                0x0001ad70                jpeg_consume_input
                0x0001b030                jpeg_read_header
                0x0001b0b0                jpeg_input_complete
                0x0001b0f0                jpeg_has_multiple_scans
                0x0001b130                jpeg_finish_decompress
 .text          0x0001b200     0x2140 ../../Project/Lib/KOS_4.8.2\libjpeg.a(jdmarker.o)
                0x0001d010                jpeg_resync_to_restart
                0x0001d150                jinit_marker_reader
                0x0001d210                jpeg_save_markers
                0x0001d2f0                jpeg_set_marker_processor
 .text          0x0001d340      0xa30 ../../Project/Lib/KOS_4.8.2\libjpeg.a(jdmaster.o)
                0x0001d5a0                jpeg_calc_output_dimensions
                0x0001d860                jpeg_new_colormap
                0x0001d8e0                jinit_master_decompress
 .text          0x0001dd70      0x450 ../../Project/Lib/KOS_4.8.2\libjpeg.a(jdapistd.o)
                0x0001de60                jpeg_start_decompress
                0x0001df50                jpeg_read_scanlines
                0x0001dff0                jpeg_read_raw_data
                0x0001e0b0                jpeg_start_output
                0x0001e120                jpeg_finish_output
 .text          0x0001e1c0       0xe0 ../../Project/Lib/KOS_4.8.2\libjpeg.a(jcomapi.o)
                0x0001e1c0                jpeg_abort
                0x0001e210                jpeg_destroy
                0x0001e240                jpeg_alloc_quant_table
                0x0001e270                jpeg_alloc_huff_table
 .text          0x0001e2a0      0xff0 ../../Project/Lib/KOS_4.8.2\libjpeg.a(jmemmgr.o)
                0x0001f130                jinit_memory_mgr
 .text          0x0001f290      0x6d0 ../../Project/Lib/KOS_4.8.2\libjpeg.a(jdinput.o)
                0x0001f900                jinit_input_controller
 .text          0x0001f960       0xf0 ../../Project/Lib/KOS_4.8.2\libjpeg.a(jutils.o)
                0x0001f960                jdiv_round_up
                0x0001f980                jround_up
                0x0001f9a0                jcopy_sample_rows
                0x0001fa00                jcopy_block_row
                0x0001fa20                jzero_far
 .text          0x0001fa50      0xce0 ../../Project/Lib/KOS_4.8.2\libjpeg.a(jquant1.o)
                0x00020410                jinit_1pass_quantizer
 .text          0x00020730     0x1590 ../../Project/Lib/KOS_4.8.2\libjpeg.a(jquant2.o)
                0x00021b40                jinit_2pass_quantizer
 .text          0x00021cc0      0x320 ../../Project/Lib/KOS_4.8.2\libjpeg.a(jddctmgr.o)
                0x00021f00                jinit_inverse_dct
 .text          0x00021fe0      0xd60 ../../Project/Lib/KOS_4.8.2\libjpeg.a(jdhuff.o)
                0x00021fe0                jpeg_make_d_derived_tbl
                0x000224c0                jpeg_fill_bit_buffer
                0x00022610                jpeg_huff_decode
                0x00022cd0                jinit_huff_decoder
 .text          0x00022d40     0x1170 ../../Project/Lib/KOS_4.8.2\libjpeg.a(jdcoefct.o)
                0x00023d60                jinit_d_coef_controller
 .text          0x00023eb0      0x6b0 ../../Project/Lib/KOS_4.8.2\libjpeg.a(jdcolor.o)
                0x00024390                jinit_color_deconverter
 .text          0x00024560      0x840 ../../Project/Lib/KOS_4.8.2\libjpeg.a(jdsample.o)
                0x00024b50                jinit_upsampler
 .text          0x00024da0      0x400 ../../Project/Lib/KOS_4.8.2\libjpeg.a(jdpostct.o)
                0x000250d0                jinit_d_post_controller
 .text          0x000251a0      0xfa0 ../../Project/Lib/KOS_4.8.2\libjpeg.a(jdphuff.o)
                0x000260a0                jinit_phuff_decoder
 .text          0x00026140      0x720 ../../Project/Lib/KOS_4.8.2\libjpeg.a(jdmerge.o)
                0x000266e0                jinit_merged_upsampler
 .text          0x00026860      0x800 ../../Project/Lib/KOS_4.8.2\libjpeg.a(jdmainct.o)
                0x00026ea0                jinit_d_main_controller
 .text          0x00027060       0x90 ../../Project/Lib/KOS_4.8.2\libjpeg.a(jmemnobs.o)
                0x00027060                jpeg_get_small
                0x00027070                jpeg_free_small
                0x00027080                jpeg_get_large
                0x00027090                jpeg_free_large
                0x000270a0                jpeg_mem_available
                0x000270b0                jpeg_open_backing_store
                0x000270d0                jpeg_mem_init
                0x000270e0                jpeg_mem_term
 .text          0x000270f0      0x4f0 ../../Project/Lib/KOS_4.8.2\libjpeg.a(jidctflt.o)
                0x000270f0                jpeg_idct_float
 .text          0x000275e0      0x680 ../../Project/Lib/KOS_4.8.2\libjpeg.a(jidctred.o)
                0x000275e0                jpeg_idct_4x4
                0x000279f0                jpeg_idct_2x2
                0x00027c20                jpeg_idct_1x1
 .text          0x00027c60      0x6e0 ../../Project/Lib/KOS_4.8.2\libjpeg.a(jidctint.o)
                0x00027c60                jpeg_idct_islow
 .text          0x00028340      0x5b0 ../../Project/Lib/KOS_4.8.2\libjpeg.a(jidctfst.o)
                0x00028340                jpeg_idct_ifast
 .text          0x000288f0      0x120 ../../Project/Lib/KOS_4.8.2\libz.a(crc32.o)
                0x000288f0                get_crc_table
                0x00028900                crc32
 .text          0x00028a10      0xaa0 ../../Project/Lib/KOS_4.8.2\libz.a(inflate.o)
                0x00028a10                inflateReset
                0x00028a70                inflateEnd
                0x00028ad0                inflateInit2_
                0x00028cb0                inflateInit_
                0x00028e40                inflate
                0x000292a0                inflateSetDictionary
                0x00029340                inflateSync
                0x00029480                inflateSyncPoint
 .text          0x000294b0     0x13d0 ../../Project/Lib/KOS_4.8.2\libz.a(infblock.o)
                0x000294b0                inflate_blocks_reset
                0x00029550                inflate_blocks_new
                0x00029640                inflate_blocks
                0x0002a760                inflate_blocks_free
                0x0002a830                inflate_set_dictionary
                0x0002a870                inflate_blocks_sync_point
 .text          0x0002a880      0x360 ../../Project/Lib/KOS_4.8.2\libz.a(adler32.o)
                0x0002a880                adler32
 .text          0x0002abe0       0x60 ../../Project/Lib/KOS_4.8.2\libz.a(zutil.o)
                0x0002abe0                zlibVersion
                0x0002abf0                zError
                0x0002ac10                zcalloc
                0x0002ac30                zcfree
 .text          0x0002ac40      0x130 ../../Project/Lib/KOS_4.8.2\libz.a(infutil.o)
                0x0002ac40                inflate_flush
 .text          0x0002ad70      0x9b0 ../../Project/Lib/KOS_4.8.2\libz.a(infcodes.o)
                0x0002ad70                inflate_codes_new
                0x0002adc0                inflate_codes
                0x0002b700                inflate_codes_free
 .text          0x0002b720     0x1a60 ../../Project/Lib/KOS_4.8.2\libz.a(inftrees.o)
                0x0002c320                inflate_trees_bits
                0x0002cfb0                inflate_trees_dynamic
                0x0002d150                inflate_trees_fixed
 .text          0x0002d180      0x5e0 ../../Project/Lib/KOS_4.8.2\libz.a(inffast.o)
                0x0002d180                inflate_fast
 .text          0x0002d760      0x180 ../../Project/Lib/KOS_4.8.2\libSDL12.a(SDL.o)
                0x0002d760                SDL_InitSubSystem
                0x0002d820                SDL_Init
                0x0002d860                SDL_QuitSubSystem
                0x0002d890                SDL_WasInit
                0x0002d8b0                SDL_Quit
                0x0002d8d0                SDL_Linked_Version
 .text          0x0002d8e0      0x960 ../../Project/Lib/KOS_4.8.2\libSDL12.a(SDL_events.o)
                0x0002dd40                SDL_Lock_EventThread
                0x0002dd90                SDL_Unlock_EventThread
                0x0002ddc0                SDL_EventThreadID
                0x0002ddd0                SDL_StopEventLoop
                0x0002de00                SDL_StartEventLoop
                0x0002df70                SDL_PeepEvents
                0x0002dfa0                SDL_PumpEvents
                0x0002dfc0                SDL_PollEvent
                0x0002e010                SDL_WaitEvent
                0x0002e080                SDL_PushEvent
                0x0002e0b0                SDL_SetEventFilter
                0x0002e0e0                SDL_GetEventFilter
                0x0002e0f0                SDL_EventState
                0x0002e1d0                SDL_PrivateSysWMEvent
 .text          0x0002e240      0xe20 ../../Project/Lib/KOS_4.8.2\libSDL12.a(SDL_pixels.o)
                0x0002e240                SDL_FreeFormat
                0x0002e280                SDL_AllocFormat
                0x0002e600                SDL_DitherColors
                0x0002e680                SDL_CalculatePitch
                0x0002e6c0                SDL_FindColor
                0x0002e870                SDL_MapRGB
                0x0002e900                SDL_MapRGBA
                0x0002e9a0                SDL_GetRGBA
                0x0002ea90                SDL_GetRGB
                0x0002eb60                SDL_ApplyGamma
                0x0002ebc0                SDL_InvalidateMap
                0x0002ec00                SDL_FormatChanged
                0x0002ec20                SDL_ReallocFormat
                0x0002ec80                SDL_MapSurface
                0x0002efb0                SDL_FreeBlitMap
                0x0002eff0                SDL_AllocBlitMap
 .text          0x0002f060     0x1020 ../../Project/Lib/KOS_4.8.2\libSDL12.a(SDL_surface.o)
                0x0002f060                SDL_SetColorKey
                0x0002f170                SDL_SetAlpha
                0x0002f2f0                SDL_SetClipRect
                0x0002f3a0                SDL_GetClipRect
                0x0002f3c0                SDL_LowerBlit
                0x0002f430                SDL_UpperBlit
                0x0002f660                SDL_LockSurface
                0x0002f6d0                SDL_UnlockSurface
                0x0002f730                SDL_FillRect
                0x0002fa30                SDL_FreeSurface
                0x0002fb00                SDL_CreateRGBSurface
                0x0002fd20                SDL_CreateRGBSurfaceFrom
                0x0002fdb0                SDL_ConvertSurface
 .text          0x00030080     0x1f90 ../../Project/Lib/KOS_4.8.2\libSDL12.a(SDL_video.o)
                0x00030110                SDL_VideoDriverName
                0x00030150                SDL_GetVideoSurface
                0x00030170                SDL_GetVideoInfo
                0x00030190                SDL_ListModes
                0x000301d0                SDL_VideoModeOK
                0x000302d0                SDL_DisplayFormat
                0x00030330                SDL_DisplayFormatAlpha
                0x00030440                SDL_UpdateRects
                0x00030660                SDL_UpdateRect
                0x000308b0                SDL_Flip
                0x000309f0                SDL_SetPalette
                0x00030bc0                SDL_SetColors
                0x00030c00                SDL_GL_LoadLibrary
                0x00030c40                SDL_GL_GetProcAddress
                0x00030c90                SDL_GL_SetAttribute
                0x00030d90                SDL_GL_GetAttribute
                0x00030de0                SDL_GL_SwapBuffers
                0x00030e00                SDL_GL_UpdateRectsLock
                0x00030e10                SDL_GL_UpdateRects
                0x00030e20                SDL_GL_Lock
                0x00030e30                SDL_GL_Unlock
                0x00030e40                SDL_WM_SetCaption
                0x00030f10                SDL_WM_GetCaption
                0x00030f40                SDL_WM_SetIcon
                0x00031250                SDL_WM_GrabInput
                0x000312a0                SDL_VideoQuit
                0x000313f0                SDL_VideoInit
                0x000316a0                SDL_SetVideoMode
                0x00031f00                SDL_WM_IconifyWindow
                0x00031f20                SDL_WM_ToggleFullScreen
                0x00031fd0                SDL_GetWMInfo
 .text          0x00032010     0x1380 ../../Project/Lib/KOS_4.8.2\libSDL12.a(SDL_cursor.o)
                0x00032010                SDL_GetCursor
                0x00032020                SDL_WarpMouse
                0x000320a0                SDL_CursorPaletteChanged
                0x000320b0                SDL_MouseRect
                0x00032160                SDL_DrawCursorNoLock
                0x000329d0                SDL_DrawCursor
                0x00032a80                SDL_EraseCursorNoLock
                0x00032c30                SDL_EraseCursor
                0x00032ce0                SDL_SetCursor
                0x00032e80                SDL_FreeCursor
                0x00032f00                SDL_CursorQuit
                0x00032f80                SDL_CreateCursor
                0x00033170                SDL_CursorInit
                0x000331f0                SDL_ShowCursor
                0x00033290                SDL_MoveCursor
                0x00033340                SDL_ResetCursor
 .text          0x00033390      0x650 ../../Project/Lib/KOS_4.8.2\libSDL12.a(SDL_error.o)
                0x00033390                SDL_printf
                0x00033400                SDL_GetErrorMsgUNICODE
                0x00033750                SDL_GetErrorMsg
                0x000337d0                SDL_SetError
                0x00033950                SDL_GetError
                0x00033970                SDL_ClearError
                0x00033980                SDL_Error
 .text          0x000339e0      0x3a0 ../../Project/Lib/KOS_4.8.2\libSDL12.a(SDL_rwops.o)
                0x00033c70                SDL_AllocRW
                0x00033ca0                SDL_RWFromFP
                0x00033ce0                SDL_RWFromFile
                0x00033d30                SDL_RWFromMem
                0x00033d70                SDL_FreeRW
 .text          0x00033d80      0xbf0 ../../Project/Lib/KOS_4.8.2\libSDL12.a(SDL_bmp.o)
                0x00033d80                SDL_LoadBMP_RW
                0x00034410                SDL_SaveBMP_RW
 .text          0x00034970      0x1d0 ../../Project/Lib/KOS_4.8.2\libSDL12.a(SDL_getenv.o)
                0x00034970                SDL_putenv
                0x00034ab0                SDL_getenv
 .text          0x00034b40       0x30 ../../Project/Lib/KOS_4.8.2\libSDL12.a(SDL_fatal.o)
                0x00034b40                SDL_printf_error
                0x00034b50                SDL_InstallParachute
                0x00034b60                SDL_UninstallParachute
 .text          0x00034b70      0x460 ../../Project/Lib/KOS_4.8.2\libSDL12.a(SDL_timer.o)
                0x00034b80                SDL_SetTimerThreaded
                0x00034bc0                SDL_ThreadedTimerCheck
                0x00034cd0                SDL_AddTimer
                0x00034db0                SDL_RemoveTimer
                0x00034e30                SDL_SetTimer
                0x00034f10                SDL_TimerInit
                0x00034f70                SDL_TimerQuit
 .text          0x00034fd0      0x430 ../../Project/Lib/KOS_4.8.2\libSDL12.a(SDL_thread.o)
                0x00035040                SDL_ThreadsInit
                0x00035070                SDL_ThreadsQuit
                0x000350a0                SDL_GetErrBuf
                0x00035130                SDL_RunThread
                0x00035170                SDL_CreateThread
                0x00035370                SDL_WaitThread
                0x000353b0                SDL_GetThreadID
                0x000353d0                SDL_KillThread
 .text          0x00035400       0xb0 ../../Project/Lib/KOS_4.8.2\libSDL12.a(SDL_sysmutex.o)
                0x00035400                SDL_CreateMutex
                0x00035460                SDL_DestroyMutex
                0x00035490                SDL_mutexP
                0x000354a0                SDL_mutexV
 .text          0x000354b0       0x60 ../../Project/Lib/KOS_4.8.2\libSDL12.a(SDL_systhread.o)
                0x000354b0                SDL_SYS_CreateThread
                0x000354d0                SDL_SYS_SetupThread
                0x000354e0                SDL_ThreadID
                0x000354f0                SDL_SYS_WaitThread
                0x00035500                SDL_SYS_KillThread
 .text          0x00035510       0xc0 ../../Project/Lib/KOS_4.8.2\libSDL12.a(SDL_systimer.o)
                0x00035510                SDL_StartTicks
                0x00035530                SDL_GetTicks
                0x00035580                SDL_Delay
                0x00035590                SDL_SYS_TimerInit
                0x000355a0                SDL_SYS_TimerQuit
                0x000355b0                SDL_SYS_StartTimer
                0x000355c0                SDL_SYS_StopTimer
 .text          0x000355d0      0xe00 ../../Project/Lib/KOS_4.8.2\libSDL12.a(SDL_keyboard.o)
                0x000355d0                SDL_EnableUNICODE
                0x000355f0                SDL_GetKeyState
                0x00035610                SDL_GetModState
                0x00035620                SDL_SetModState
                0x00035630                SDL_GetKeyName
                0x00035660                SDL_PrivateKeyboard
                0x00035930                SDL_ResetKeyboard
                0x000359a0                SDL_CheckKeyRepeat
                0x00035a00                SDL_EnableKeyRepeat
                0x00035a60                SDL_KeyboardInit
 .text          0x000363d0      0x110 ../../Project/Lib/KOS_4.8.2\libSDL12.a(SDL_active.o)
                0x000363d0                SDL_AppActiveInit
                0x000363e0                SDL_GetAppState
                0x000363f0                SDL_PrivateAppActive
 .text          0x000364e0      0x4e0 ../../Project/Lib/KOS_4.8.2\libSDL12.a(SDL_mouse.o)
                0x00036530                SDL_MouseInit
                0x00036560                SDL_GetMouseState
                0x00036590                SDL_GetRelativeMouseState
                0x000365d0                SDL_PrivateMouseMotion
                0x000367e0                SDL_PrivateMouseButton
 .text          0x000369c0       0x60 ../../Project/Lib/KOS_4.8.2\libSDL12.a(SDL_quit.o)
                0x000369c0                SDL_QuitInit
                0x000369d0                SDL_PrivateQuit
 .text          0x00036a20      0x6f0 ../../Project/Lib/KOS_4.8.2\libSDL12.a(SDL_blit.o)
                0x00036e10                SDL_CalculateBlit
 .text          0x00037110     0x4760 ../../Project/Lib/KOS_4.8.2\libSDL12.a(SDL_RLEaccel.o)
                0x000376b0                SDL_RLEBlit
                0x00039f50                SDL_RLEAlphaBlit
                0x0003a9a0                SDL_UnRLESurface
                0x0003abf0                SDL_RLESurface
 .text          0x0003b870      0x5a0 ../../Project/Lib/KOS_4.8.2\libSDL12.a(SDL_menuetvideo.o)
                0x0003b8b0                MenuetOS_SetColors
                0x0003b8c0                MenuetOS_VideoQuit
                0x0003bbf0                MenuetOS_SDL_RepaintWnd
                0x0003bce0                MenuetOS_SetCaption
                0x0003bd10                MenuetOS_SetVideoMode
                0x0003be00                MenuetOS_FinalQuit
 .text          0x0003be10       0xd0 ../../Project/Lib/KOS_4.8.2\libSDL12.a(SDL_resize.o)
                0x0003be10                SDL_PrivateResize
 .text          0x0003bee0      0x2c0 ../../Project/Lib/KOS_4.8.2\libSDL12.a(SDL_endian.o)
                0x0003bee0                SDL_ReadLE16
                0x0003bf10                SDL_ReadBE16
                0x0003bf50                SDL_ReadLE32
                0x0003bf80                SDL_ReadBE32
                0x0003bfb0                SDL_ReadLE64
                0x0003bff0                SDL_ReadBE64
                0x0003c030                SDL_WriteLE16
                0x0003c070                SDL_WriteBE16
                0x0003c0b0                SDL_WriteLE32
                0x0003c0e0                SDL_WriteBE32
                0x0003c120                SDL_WriteLE64
                0x0003c160                SDL_WriteBE64
 .text          0x0003c1a0       0xc0 ../../Project/Lib/KOS_4.8.2\libSDL12.a(SDL_syssem.o)
                0x0003c1a0                SDL_CreateSemaphore
                0x0003c1c0                SDL_DestroySemaphore
                0x0003c1d0                SDL_SemTryWait
                0x0003c1f0                SDL_SemWaitTimeout
                0x0003c210                SDL_SemWait
                0x0003c230                SDL_SemValue
                0x0003c240                SDL_SemPost
 .text          0x0003c260      0xd10 ../../Project/Lib/KOS_4.8.2\libSDL12.a(SDL_blit_0.o)
                0x0003cf00                SDL_CalculateBlit0
 .text          0x0003cf70     0x6810 ../../Project/Lib/KOS_4.8.2\libSDL12.a(SDL_blit_N.o)
                0x000435a0                SDL_CalculateBlitN
 .text          0x00043780     0x2730 ../../Project/Lib/KOS_4.8.2\libSDL12.a(SDL_blit_1.o)
                0x00045e40                SDL_CalculateBlit1
 .text          0x00045eb0      0x220 ../../Project/Lib/KOS_4.8.2\libSDL12.a(SDL_menuetevents.o)
                0x00045eb0                MenuetOS_InitOSKeymap
                0x00045ec0                MenuetOS_PumpEvents
 .text          0x000460d0       0x62 ../../Project/Lib/KOS_4.8.2\libSDL12.a(x86_main.o)
                0x000460d0                ConvertX86
                0x000460eb                x86return
                0x000460f9                Hermes_X86_CPU
 *fill*         0x00046132        0xe 
 .text          0x00046140     0x5f50 ../../Project/Lib/KOS_4.8.2\libSDL12.a(SDL_blit_A.o)
                0x0004beb0                SDL_CalculateAlphaBlit
 .text          0x0004c090      0x66e ../../Project/Lib/KOS_4.8.2\libSDL12.a(x86p_32.o)
                0x0004c090                ConvertX86p32_32BGR888
                0x0004c104                ConvertX86p32_32RGBA888
                0x0004c16c                ConvertX86p32_32BGRA888
                0x0004c1ce                ConvertX86p32_24RGB888
                0x0004c271                ConvertX86p32_24BGR888
                0x0004c311                ConvertX86p32_16RGB565
                0x0004c3dc                ConvertX86p32_16BGR565
                0x0004c4af                ConvertX86p32_16RGB555
                0x0004c57a                ConvertX86p32_16BGR555
                0x0004c64d                ConvertX86p32_8RGB332
 *fill*         0x0004c6fe        0x2 
 .text          0x0004c700      0x2da ../../Project/Lib/KOS_4.8.2\libSDL12.a(mmxp2_32.o)
                0x0004c700                ConvertMMXpII32_24RGB888
                0x0004c785                ConvertMMXpII32_16RGB565
                0x0004c828                ConvertMMXpII32_16BGR565
                0x0004c8d1                ConvertMMXpII32_16BGR555
                0x0004c8da                ConvertMMXpII32_16RGB555
 *fill*         0x0004c9da        0x2 
 .text          0x0004c9dc       0x2b ../../Project/Lib/KOS_4.8.2\libSDL12.a(mmx_main.o)
                0x0004c9dc                ConvertMMX
                0x0004c9f7                mmxreturn
 *fill*         0x0004ca07        0x1 
 .text          0x0004ca08      0x37d ../../Project/Lib/KOS_4.8.2\libSDL12.a(x86p_16.o)
                0x0004ca08                ConvertX86p16_16BGR565
                0x0004cad9                ConvertX86p16_16RGB555
                0x0004cb9d                ConvertX86p16_16BGR555
                0x0004cc88                ConvertX86p16_8RGB332
 *fill*         0x0004cd85        0xb 
 .text          0x0004cd90     0x20f0 ../../Project/Lib/KOS_4.8.2\libSDL_ttf.a(SDL_ttf.o)
                0x0004d410                TTF_Init
                0x0004d450                TTF_CloseFont
                0x0004d480                TTF_OpenFont
                0x0004d770                TTF_FontHeight
                0x0004d780                TTF_FontAscent
                0x0004d7d0                TTF_FontDescent
                0x0004d820                TTF_FontLineSkip
                0x0004d870                TTF_GlyphMetrics
                0x0004d900                TTF_SizeUNICODE
                0x0004d9a0                TTF_SizeText
                0x0004da40                TTF_SizeUTF8
                0x0004dac0                TTF_RenderUNICODE_Solid
                0x0004dd80                TTF_RenderText_Solid
                0x0004de10                TTF_RenderUTF8_Solid
                0x0004de80                TTF_RenderGlyph_Solid
                0x0004e080                TTF_RenderUNICODE_Shaded
                0x0004e3b0                TTF_RenderText_Shaded
                0x0004e440                TTF_RenderUTF8_Shaded
                0x0004e4c0                TTF_RenderGlyph_Shaded
                0x0004e710                TTF_RenderUNICODE_Blended
                0x0004eab0                TTF_RenderText_Blended
                0x0004eb40                TTF_RenderUTF8_Blended
                0x0004ebb0                TTF_RenderGlyph_Blended
                0x0004ee40                TTF_SetFontStyle
                0x0004ee50                TTF_GetFontStyle
                0x0004ee60                TTF_Quit
 .text          0x0004ee80     0x1310 ../../Project/Lib/KOS_4.8.2\libfreetype.a(ttapi.o)
                0x0004ee80                TT_Done_FreeType
                0x0004eee0                TT_Init_FreeType
                0x0004efc0                TT_Set_Raster_Gray_Palette
                0x0004eff0                TT_Open_Face
                0x0004f080                TT_Open_Collection
                0x0004f110                TT_Get_Face_Properties
                0x0004f1c0                TT_Set_Face_Pointer
                0x0004f1e0                TT_Get_Face_Pointer
                0x0004f200                TT_Get_Face_Metrics
                0x0004f380                TT_Flush_Face
                0x0004f3a0                TT_Close_Face
                0x0004f3e0                TT_New_Instance
                0x0004f460                TT_Set_Instance_Resolutions
                0x0004f490                TT_Set_Instance_CharSizes
                0x0004f570                TT_Set_Instance_CharSize
                0x0004f590                TT_Set_Instance_PixelSizes
                0x0004f620                TT_Set_Instance_Transform_Flags
                0x0004f650                TT_Get_Instance_Metrics
                0x0004f6e0                TT_Set_Instance_Pointer
                0x0004f700                TT_Get_Instance_Pointer
                0x0004f720                TT_Done_Instance
                0x0004f750                TT_New_Glyph
                0x0004f790                TT_Done_Glyph
                0x0004f7c0                TT_Load_Glyph
                0x0004f860                TT_Get_Glyph_Outline
                0x0004f8a0                TT_Get_Glyph_Metrics
                0x0004f8e0                TT_Get_Glyph_Big_Metrics
                0x0004f950                TT_Done_Outline
                0x0004f9b0                TT_New_Outline
                0x0004fa70                TT_Get_Outline_Bitmap
                0x0004fab0                TT_Get_Glyph_Bitmap
                0x0004fb70                TT_Get_Outline_Pixmap
                0x0004fbc0                TT_Get_Glyph_Pixmap
                0x0004fc80                TT_Copy_Outline
                0x0004fd20                TT_Transform_Outline
                0x0004fdc0                TT_Transform_Vector
                0x0004fe40                TT_Translate_Outline
                0x0004fe80                TT_Get_Outline_BBox
                0x0004ff50                TT_Get_CharMap_Count
                0x0004ff70                TT_Get_CharMap_ID
                0x0004ffc0                TT_Get_CharMap
                0x00050070                TT_Char_Index
                0x00050090                TT_Get_Name_Count
                0x000500b0                TT_Get_Name_ID
                0x00050120                TT_Get_Name_String
                0x00050170                TT_Get_Font_Data
 .text          0x00050190     0x22e0 ../../Project/Lib/KOS_4.8.2\libfreetype.a(ttraster.o)
                0x00051e90                Render_Glyph
                0x000520c0                Render_Gray_Glyph
                0x00052360                TTRaster_Done
                0x000523a0                TTRaster_Init
 .text          0x00052470     0x12b0 ../../Project/Lib/KOS_4.8.2\libfreetype.a(ttobjs.o)
                0x000524b0                Context_Destroy
                0x00052560                Instance_Destroy
                0x000526d0                Instance_Create
                0x00052810                Face_Destroy
                0x000529a0                Face_Create
                0x00052b10                Glyph_Destroy
                0x00052b40                Context_Create
                0x00052be0                Glyph_Create
                0x00052c30                New_Context
                0x00052c70                Done_Context
                0x00052ca0                Goto_CodeRange
                0x00052d00                Set_CodeRange
                0x00052d40                Clear_CodeRange
                0x00052d80                Context_Load
                0x00052f50                Context_Save
                0x00052f80                Context_Run
                0x000530a0                Instance_Init
                0x000532c0                Instance_Reset
                0x00053590                Scale_X
                0x000535c0                Scale_Y
                0x000535f0                TTObjs_Init
                0x000536e0                TTObjs_Done
 .text          0x00053720      0x230 ../../Project/Lib/KOS_4.8.2\libfreetype.a(ttextend.o)
                0x00053720                TTExtend_Init
                0x00053760                TTExtend_Done
                0x00053780                TT_Register_Extension
                0x000537f0                TT_Extension_Get
                0x00053860                Extension_Destroy
                0x000538c0                Extension_Create
 .text          0x00053950      0x2e0 ../../Project/Lib/KOS_4.8.2\libfreetype.a(ttcache.o)
                0x00053950                Cache_Create
                0x00053980                Cache_Destroy
                0x00053a20                Cache_New
                0x00053b30                Cache_Done
                0x00053be0                TTCache_Init
                0x00053bf0                TTCache_Done
 .text          0x00053c30      0x700 ../../Project/Lib/KOS_4.8.2\libfreetype.a(ttfile.o)
                0x00053d00                TTFile_Init
                0x00053d50                TTFile_Done
                0x00053d70                TT_Use_Stream
                0x00053d90                TT_Done_Stream
                0x00053da0                TT_Forget_Frame
                0x00053e00                TT_Stream_Size
                0x00053e20                TT_Open_Stream
                0x00053f10                TT_Close_Stream
                0x00053f80                TT_Flush_Stream
                0x00053fe0                TT_Seek_File
                0x00054020                TT_Skip_File
                0x00054050                TT_Read_File
                0x000540a0                TT_Access_Frame
                0x00054160                TT_Read_At_File
                0x000541a0                TT_File_Pos
                0x000541c0                TT_Check_And_Access_Frame
                0x000542c0                TT_Get_Char
                0x000542e0                TT_Get_Short
                0x00054300                TT_Get_Long
 .text          0x00054330      0x160 ../../Project/Lib/KOS_4.8.2\libfreetype.a(ttmemory.o)
                0x00054330                TT_Alloc
                0x000543a0                TT_Realloc
                0x00054430                TT_Free
                0x00054460                TTMemory_Init
                0x00054480                TTMemory_Done
 .text          0x00054490     0x1780 ../../Project/Lib/KOS_4.8.2\libfreetype.a(ttgload.o)
                0x000544f0                TT_Get_Metrics
                0x00054550                Load_TrueType_Glyph
 .text          0x00055c10      0x470 ../../Project/Lib/KOS_4.8.2\libfreetype.a(ttcalc.o)
                0x00055c10                Neg64
                0x00055c50                Add64
                0x00055c80                Sub64
                0x00055cb0                MulTo64
                0x00055d60                Div64by32
                0x00055e20                TT_MulDiv
                0x00055ee0                TT_MulFix
                0x00055f90                Order64
                0x00055fc0                Sqrt64
 .text          0x00056080      0x6b0 ../../Project/Lib/KOS_4.8.2\libfreetype.a(ttcmap.o)
                0x00056080                CharMap_Free
                0x00056130                CharMap_Load
                0x00056580                CharMap_Index
 .text          0x00056730     0x18b0 ../../Project/Lib/KOS_4.8.2\libfreetype.a(ttload.o)
                0x00056730                TT_LookUp_Table
                0x00056780                Load_TrueType_Directory
                0x00056980                Load_TrueType_MaxProfile
                0x00056ae0                Load_TrueType_Gasp
                0x00056c20                Load_TrueType_Header
                0x00056d50                Load_TrueType_Metrics_Header
                0x00057120                Load_TrueType_Locations
                0x00057290                Free_TrueType_Names
                0x000572e0                Load_TrueType_Names
                0x00057540                Load_TrueType_CVT
                0x00057640                Load_TrueType_CMap
                0x000577d0                Load_TrueType_Programs
                0x00057950                Load_TrueType_OS2
                0x00057bb0                Load_TrueType_PostScript
                0x00057ca0                Load_TrueType_Hdmx
                0x00057e90                Free_TrueType_Hdmx
                0x00057f00                Load_TrueType_Any
 .text          0x00057fe0     0x39e0 ../../Project/Lib/KOS_4.8.2\libfreetype.a(ttinterp.o)
                0x00059120                RunIns
 .text          0x0005b9c0     0x1c90 ../../Project/Lib/KOS_4.8.2\liblua52.a(lapi.o)
                0x0005baf0                lua_checkstack
                0x0005bb70                lua_xmove
                0x0005bbe0                lua_atpanic
                0x0005bc00                lua_version
                0x0005bc20                lua_absindex
                0x0005bc50                lua_gettop
                0x0005bc70                lua_settop
                0x0005bcb0                lua_remove
                0x0005bd10                lua_insert
                0x0005bd70                lua_replace
                0x0005bda0                lua_copy
                0x0005bdd0                lua_pushvalue
                0x0005be00                lua_type
                0x0005be30                lua_typename
                0x0005be40                lua_iscfunction
                0x0005be70                lua_isnumber
                0x0005beb0                lua_isstring
                0x0005bee0                lua_isuserdata
                0x0005bf10                lua_rawequal
                0x0005bf80                lua_arith
                0x0005c010                lua_compare
                0x0005c0d0                lua_tonumberx
                0x0005c130                lua_tointegerx
                0x0005c1b0                lua_tounsignedx
                0x0005c250                lua_toboolean
                0x0005c280                lua_tolstring
                0x0005c300                lua_rawlen
                0x0005c360                lua_tocfunction
                0x0005c390                lua_touserdata
                0x0005c3c0                lua_tothread
                0x0005c3e0                lua_topointer
                0x0005c430                lua_pushnil
                0x0005c450                lua_pushnumber
                0x0005c470                lua_pushinteger
                0x0005c490                lua_pushunsigned
                0x0005c4d0                lua_pushlstring
                0x0005c520                lua_pushstring
                0x0005c580                lua_pushvfstring
                0x0005c5c0                lua_pushfstring
                0x0005c600                lua_pushcclosure
                0x0005c6b0                lua_pushboolean
                0x0005c6d0                lua_pushlightuserdata
                0x0005c6f0                lua_pushthread
                0x0005c720                lua_getglobal
                0x0005c790                lua_gettable
                0x0005c7d0                lua_getfield
                0x0005c830                lua_rawget
                0x0005c870                lua_rawgeti
                0x0005c8c0                lua_rawgetp
                0x0005c920                lua_createtable
                0x0005c990                lua_getmetatable
                0x0005c9f0                lua_getuservalue
                0x0005ca40                lua_setglobal
                0x0005cab0                lua_settable
                0x0005caf0                lua_setfield
                0x0005cb60                lua_rawset
                0x0005cbf0                lua_rawseti
                0x0005cc70                lua_rawsetp
                0x0005cd00                lua_setmetatable
                0x0005cdd0                lua_setuservalue
                0x0005ce50                lua_getctx
                0x0005ce80                lua_callk
                0x0005cf10                lua_pcallk
                0x0005cff0                lua_load
                0x0005d0c0                lua_dump
                0x0005d110                lua_status
                0x0005d120                lua_gc
                0x0005d290                lua_error
                0x0005d2a0                lua_next
                0x0005d2f0                lua_concat
                0x0005d360                lua_len
                0x0005d390                lua_getallocf
                0x0005d3b0                lua_setallocf
                0x0005d3d0                lua_newuserdata
                0x0005d420                lua_getupvalue
                0x0005d4c0                lua_setupvalue
                0x0005d5a0                lua_upvalueid
                0x0005d5e0                lua_upvaluejoin
 .text          0x0005d650     0x2180 ../../Project/Lib/KOS_4.8.2\liblua52.a(lauxlib.o)
                0x0005dc20                luaL_traceback
                0x0005df30                luaL_where
                0x0005dfd0                luaL_error
                0x0005e020                luaL_argerror
                0x0005e1e0                luaL_fileresult
                0x0005e280                luaL_execresult
                0x0005e300                luaL_newmetatable
                0x0005e390                luaL_setmetatable
                0x0005e3d0                luaL_testudata
                0x0005e460                luaL_checkudata
                0x0005e4b0                luaL_checkstack
                0x0005e510                luaL_checktype
                0x0005e550                luaL_checkany
                0x0005e590                luaL_checklstring
                0x0005e5e0                luaL_optlstring
                0x0005e650                luaL_checkoption
                0x0005e710                luaL_checknumber
                0x0005e760                luaL_optnumber
                0x0005e7b0                luaL_checkinteger
                0x0005e800                luaL_checkunsigned
                0x0005e850                luaL_optinteger
                0x0005e890                luaL_optunsigned
                0x0005e8d0                luaL_prepbuffsize
                0x0005e980                luaL_addlstring
                0x0005e9c0                luaL_addstring
                0x0005e9f0                luaL_pushresult
                0x0005ea30                luaL_pushresultsize
                0x0005ea40                luaL_addvalue
                0x0005eac0                luaL_buffinit
                0x0005eae0                luaL_buffinitsize
                0x0005eb10                luaL_ref
                0x0005ebf0                luaL_unref
                0x0005ec70                luaL_loadfilex
                0x0005ee90                luaL_loadbufferx
                0x0005eee0                luaL_loadstring
                0x0005ef30                luaL_getmetafield
                0x0005efc0                luaL_callmeta
                0x0005f040                luaL_len
                0x0005f0b0                luaL_tolstring
                0x0005f1c0                luaL_pushmodule
                0x0005f2a0                luaL_setfuncs
                0x0005f360                luaL_getsubtable
                0x0005f400                luaL_requiref
                0x0005f510                luaL_gsub
                0x0005f5e0                luaL_newstate
                0x0005f620                luaL_checkversion_
                0x0005f720                luaL_openlib
 .text          0x0005f7d0       0x80 ../../Project/Lib/KOS_4.8.2\liblua52.a(linit.o)
                0x0005f7d0                luaL_openlibs
 .text          0x0005f850      0x6a0 ../../Project/Lib/KOS_4.8.2\liblua52.a(lstate.o)
                0x0005f9d0                luaE_setdebt
                0x0005f9f0                luaE_extendCI
                0x0005fa30                luaE_freeCI
                0x0005fb80                lua_newthread
                0x0005fc60                luaE_freethread
                0x0005fcb0                lua_newstate
                0x0005fed0                lua_close
 .text          0x0005fef0      0x860 ../../Project/Lib/KOS_4.8.2\liblua52.a(lobject.o)
                0x0005ff40                luaO_int2fb
                0x0005ff80                luaO_fb2int
                0x0005ffa0                luaO_ceillog2
                0x0005ffd0                luaO_arith
                0x00060060                luaO_hexavalue
                0x00060080                luaO_str2d
                0x000603a0                luaO_pushvfstring
                0x000605e0                luaO_pushfstring
                0x00060610                luaO_chunkid
 .text          0x00060750       0xf0 ../../Project/Lib/KOS_4.8.2\liblua52.a(ltm.o)
                0x00060750                luaT_init
                0x000607a0                luaT_gettm
                0x000607e0                luaT_gettmbyobj
 .text          0x00060840     0x1030 ../../Project/Lib/KOS_4.8.2\liblua52.a(ldo.o)
                0x000608d0                luaD_throw
                0x000609b0                luaD_rawrunprotected
                0x00060a10                luaD_reallocstack
                0x00060b10                luaD_growstack
                0x00060cd0                luaD_shrinkstack
                0x00060d40                luaD_hook
                0x00060e00                luaD_poscall
                0x00060ef0                luaD_precall
                0x00061400                luaD_call
                0x000614d0                lua_resume
                0x00061600                lua_yieldk
                0x00061690                luaD_pcall
                0x00061730                luaD_protectedparser
 .text          0x00061870     0x1740 ../../Project/Lib/KOS_4.8.2\liblua52.a(lgc.o)
                0x000629d0                luaC_barrier_
                0x00062a10                luaC_barrierback_
                0x00062a30                luaC_barrierproto_
                0x00062a70                luaC_checkupvalcolor
                0x00062ac0                luaC_newobj
                0x00062b20                luaC_checkfinalizer
                0x00062bb0                luaC_changemode
                0x00062c40                luaC_freeallobjects
                0x00062cb0                luaC_runtilstate
                0x00062ce0                luaC_fullgc
                0x00062e40                luaC_forcestep
                0x00062f90                luaC_step
 .text          0x00062fb0     0x23f0 ../../Project/Lib/KOS_4.8.2\liblua52.a(lvm.o)
                0x000632b0                luaV_tonumber
                0x000632e0                luaV_tostring
                0x00063300                luaV_gettable
                0x00063450                luaV_settable
                0x00063600                luaV_lessthan
                0x00063680                luaV_lessequal
                0x00063730                luaV_equalobj_
                0x000638d0                luaV_concat
                0x00063b50                luaV_objlen
                0x00063c60                luaV_arith
                0x00063d30                luaV_finishOp
                0x00063ea0                luaV_execute
 .text          0x000653a0      0xe40 ../../Project/Lib/KOS_4.8.2\liblua52.a(ltable.o)
                0x00065550                luaH_next
                0x00065730                luaH_new
                0x00065790                luaH_free
                0x00065810                luaH_getint
                0x00065880                luaH_getstr
                0x000658c0                luaH_get
                0x000659a0                luaH_setint
                0x00065a10                luaH_resize
                0x00065cf0                luaH_resizearray
                0x00065d40                luaH_newkey
                0x000660a0                luaH_set
                0x000660f0                luaH_getn
 .text          0x000661e0      0x340 ../../Project/Lib/KOS_4.8.2\liblua52.a(lstring.o)
                0x000661e0                luaS_resize
                0x00066320                luaS_newlstr
                0x00066490                luaS_new
                0x000664c0                luaS_newudata
 .text          0x00066520      0x4d0 ../../Project/Lib/KOS_4.8.2\liblua52.a(lfunc.o)
                0x00066520                luaF_newCclosure
                0x00066570                luaF_newLclosure
                0x000665e0                luaF_newupval
                0x00066620                luaF_findupval
                0x000666d0                luaF_freeupval
                0x00066720                luaF_close
                0x000667b0                luaF_newproto
                0x00066860                luaF_freeproto
                0x00066960                luaF_freeclosure
                0x000669a0                luaF_getlocalname
 .text          0x000669f0      0x180 ../../Project/Lib/KOS_4.8.2\liblua52.a(lzio.o)
                0x000669f0                luaZ_fill
                0x00066a40                luaZ_init
                0x00066a70                luaZ_read
                0x00066b00                luaZ_openspace
 .text          0x00066b70      0x550 ../../Project/Lib/KOS_4.8.2\liblua52.a(ldump.o)
                0x00067050                luaU_dump
 .text          0x000670c0      0xe10 ../../Project/Lib/KOS_4.8.2\liblua52.a(ldebug.o)
                0x000674a0                lua_sethook
                0x000674f0                lua_gethook
                0x00067500                lua_gethookmask
                0x00067510                lua_gethookcount
                0x00067520                lua_getstack
                0x00067560                lua_getlocal
                0x000675f0                lua_setlocal
                0x00067650                lua_getinfo
                0x00067b90                luaG_errormsg
                0x00067c40                luaG_runerror
                0x00067cf0                luaG_typeerror
                0x00067e00                luaG_concaterror
                0x00067e30                luaG_aritherror
                0x00067e70                luaG_ordererror
 .text          0x00067ed0     0x1c50 ../../Project/Lib/KOS_4.8.2\liblua52.a(lbaselib.o)
                0x000688ab                _fu7____ctype_ptr__
                0x00069860                CONSOLE_INIT
                0x00069a70                luaopen_base
 .text          0x00069b20     0x11d0 ../../Project/Lib/KOS_4.8.2\liblua52.a(loadlib.o)
                0x0006aaa0                luaopen_package
 .text          0x0006acf0      0x510 ../../Project/Lib/KOS_4.8.2\liblua52.a(lcorolib.o)
                0x0006b1b0                luaopen_coroutine
 .text          0x0006b200      0xaf0 ../../Project/Lib/KOS_4.8.2\liblua52.a(ltablib.o)
                0x0006bc80                luaopen_table
 .text          0x0006bcf0     0x1390 ../../Project/Lib/KOS_4.8.2\liblua52.a(liolib.o)
                0x0006cf80                luaopen_io
 .text          0x0006d080      0x9c0 ../../Project/Lib/KOS_4.8.2\liblua52.a(loslib.o)
                0x0006d9f0                luaopen_os
 .text          0x0006da40     0x2170 ../../Project/Lib/KOS_4.8.2\liblua52.a(lstrlib.o)
                0x0006da43                _fu8____ctype_ptr__
                0x0006dc16                _fu9____ctype_ptr__
                0x0006dd46                _fu10____ctype_ptr__
                0x0006e26f                _fu11____ctype_ptr__
                0x0006e47f                _fu12____ctype_ptr__
                0x0006f879                _fu13____ctype_ptr__
                0x0006fad0                luaopen_string
 .text          0x0006fbb0      0x540 ../../Project/Lib/KOS_4.8.2\liblua52.a(lbitlib.o)
                0x000700a0                luaopen_bit32
 .text          0x000700f0      0xa70 ../../Project/Lib/KOS_4.8.2\liblua52.a(lmathlib.o)
                0x00070ac0                luaopen_math
 .text          0x00070b60     0x1180 ../../Project/Lib/KOS_4.8.2\liblua52.a(ldblib.o)
                0x00071c90                luaopen_debug
 .text          0x00071ce0      0x170 ../../Project/Lib/KOS_4.8.2\liblua52.a(lmem.o)
                0x00071ce0                luaM_toobig
                0x00071d00                luaM_realloc_
                0x00071da0                luaM_growaux_
 .text          0x00071e50     0x1150 ../../Project/Lib/KOS_4.8.2\liblua52.a(llex.o)
                0x00071e50                luaX_init
                0x00071e90                luaX_token2str
                0x00072170                luaX_syntaxerror
                0x00072220                luaX_newstring
                0x00072e90                luaX_setinput
                0x00072f20                luaX_next
                0x00072f80                luaX_lookahead
 .text          0x00072fa0        0x0 ../../Project/Lib/KOS_4.8.2\liblua52.a(lctype.o)
 .text          0x00072fa0     0x2eb0 ../../Project/Lib/KOS_4.8.2\liblua52.a(lparser.o)
                0x00075cf0                luaY_parser
 .text          0x00075e50      0x750 ../../Project/Lib/KOS_4.8.2\liblua52.a(lundump.o)
                0x00076420                luaU_header
                0x00076460                luaU_undump
 .text          0x000765a0        0x0 ../../Project/Lib/KOS_4.8.2\liblua52.a(lopcodes.o)
 .text          0x000765a0      0x6f0 ../../Project/Lib/KOS_4.8.2\liblua52.a(kolibri.o)
                0x000765a0                kol_exit
                0x000765b0                kol_sleep
                0x000765c0                kol_wnd_define
                0x000765f0                kol_wnd_move
                0x00076610                kol_event_mask
                0x00076620                kol_event_wait
                0x00076630                kol_event_wait_time
                0x00076640                kol_event_check
                0x00076650                kol_paint_start
                0x00076660                kol_paint_end
                0x00076670                kol_paint_pixel
                0x00076690                kol_paint_bar
                0x000766c0                kol_paint_line
                0x000766f0                kol_paint_string
                0x00076720                kol_paint_image
                0x00076750                kol_paint_image_pal
                0x00076790                kol_key_get
                0x000767b0                kol_key_control
                0x000767c0                kol_key_lang_set
                0x000767e0                kol_key_lang_get
                0x00076800                kol_key_mode_set
                0x00076820                kol_key_mode_get
                0x00076830                kol_btn_get
                0x00076850                kol_btn_define
                0x00076880                kol_btn_type
                0x000768a0                kol_wnd_caption
                0x000768c0                kol_mouse_pos
                0x000768d0                kol_mouse_posw
                0x000768e0                kol_mouse_btn
                0x000768f0                kol_board_putc
                0x00076910                kol_board_puts
                0x00076940                kol_board_puti
                0x00076990                kol_file_70
                0x000769a0                kol_cofflib_load
                0x000769c0                kol_cofflib_procload
                0x00076a10                kol_cofflib_procnum
                0x00076a30                kol_cofflib_procname
                0x00076a70                kol_system_cpufreq
                0x00076a80                kol_system_mem
                0x00076a90                kol_system_memfree
                0x00076aa0                kol_system_time_get
                0x00076ab0                kol_system_date_get
                0x00076ac0                kol_system_end
                0x00076ae0                kol_path_file2dir
                0x00076b20                kol_path_full
                0x00076bc0                kol_screen_wait_rr
                0x00076bd0                kol_screen_get_size
                0x00076bf0                kol_skin_height
                0x00076c00                kol_thread_start
                0x00076c20                kol_time_tick
                0x00076c30                kol_sound_speaker
                0x00076c50                kol_process_info
                0x00076c70                kol_process_kill_pid
 .text          0x00076c90     0x19d0 ../../Project/Lib/KOS_4.8.2\liblua52.a(lcode.o)
                0x00077160                luaK_nil
                0x00077230                luaK_ret
                0x00077250                luaK_getlabel
                0x00077260                luaK_patchclose
                0x000772c0                luaK_concat
                0x00077320                luaK_patchtohere
                0x00077350                luaK_patchlist
                0x00077390                luaK_jump
                0x000773e0                luaK_codeABC
                0x00077410                luaK_codeABx
                0x00077430                luaK_codek
                0x00077490                luaK_checkstack
                0x000774d0                luaK_reserveregs
                0x00077500                luaK_stringK
                0x00077530                luaK_numberK
                0x00077600                luaK_setreturns
                0x000776b0                luaK_setoneret
                0x00077710                luaK_dischargevars
                0x00077ad0                luaK_exp2nextreg
                0x00077b30                luaK_exp2anyreg
                0x00077b90                luaK_exp2anyregup
                0x00077bc0                luaK_exp2val
                0x00077bf0                luaK_exp2RK
                0x00077f40                luaK_storevar
                0x00078020                luaK_self
                0x000780c0                luaK_goiftrue
                0x00078160                luaK_goiffalse
                0x000781f0                luaK_indexed
                0x00078230                luaK_prefix
                0x000783c0                luaK_infix
                0x00078430                luaK_posfix
                0x000785b0                luaK_fixline
                0x000785d0                luaK_setlist
 .text          0x00078660       0x20 ../../Toolchains/KOS_4.8.2/libc\libmenuet_os_h.a(delay.o)
                0x00078660                __menuet__delay100
                0x00078670                __menuet(int, double, long,...)
 .text          0x00078680       0x30 ../../Toolchains/KOS_4.8.2/libc\libmenuet_os_h.a(image.o)
                0x00078680                __menuet__putimage
 .text          0x000786b0       0x50 ../../Toolchains/KOS_4.8.2/libc\libmenuet_os_h.a(window.o)
                0x000786b0                __menuet__define_window
                0x000786f0                __menuet__window_redraw
 .text          0x00078700       0x30 ../../Toolchains/KOS_4.8.2/libc\libmenuet_os_h.a(text.o)
                0x00078700                __menuet__write_text
 .text          0x00078730       0x30 ../../Toolchains/KOS_4.8.2/libc\libmenuet_os_h.a(event.o)
                0x00078730                __menuet__wait_for_event
                0x00078740                __menuet__check_for_event
                0x00078750                __menuet__set_bitfield_for_wanted_events
 .text          0x00078760       0x60 ../../Toolchains/KOS_4.8.2/libc\libmenuet_os_h.a(button.o)
                0x00078760                __menuet__make_button
                0x000787a0                __menuet__get_button_id
 .text          0x000787c0       0x20 ../../Toolchains/KOS_4.8.2/libc\libmenuet_os_h.a(keyb.o)
                0x000787c0                __menuet__getkey
 .text          0x000787e0       0xa0 ../../Toolchains/KOS_4.8.2/mingw32/lib\libgcc.a(__main.o)
                0x000787e0                __do_global_dtors
                0x00078810                __do_global_ctors
                0x00078860                __main
 .text          0x00078880       0x2c ../../Toolchains/KOS_4.8.2/mingw32/lib\libgcc.a(_chkstk_ms.o)
                0x00078880                __chkstk_ms
 .text          0x000788ac        0x0 ../../Toolchains/KOS_4.8.2/mingw32/lib\libgcc.a(_ctors.o)
 .text          0x000788ac        0x0 ../../Toolchains/KOS_4.8.2/libc\libapp.a(start.o)
 *fill*         0x000788ac        0x4 
 .text          0x000788b0       0x40 ../../Toolchains/KOS_4.8.2/libc\libapp.a(crt3.o)
                0x000788b0                _pei386_runtime_relocator
                0x000788c0                __crt_startup
 .text          0x000788f0      0x250 ../../Toolchains/KOS_4.8.2/libc\libapp.a(crtloader.o)
                0x000788f0                validate_pe
                0x00078980                create_image
                0x00078ac0                get_entry_point
                0x00078ad0                load_libc
 .text          0x00078b40        0x8 ../../Toolchains/KOS_4.8.2/libc\libc.dll.a(d000478.o)
                0x00078b40                strlen
 .text          0x00078b48        0x8 ../../Toolchains/KOS_4.8.2/libc\libc.dll.a(d000379.o)
                0x00078b48                malloc
 .text          0x00078b50        0x8 ../../Toolchains/KOS_4.8.2/libc\libc.dll.a(d000273.o)
                0x00078b50                free
 .text          0x00078b58        0x8 ../../Toolchains/KOS_4.8.2/libc\libc.dll.a(d000267.o)
                0x00078b58                fopen